// Jest Snapshot v1, https://goo.gl/fbAQLP

exports[`InputBox Component Taking SnapShot Taking the snapshot of the InputBox Component 1`] = `
<div
  className="input-box-bottom undefined"
>
  <input
    className="form-control "
    data-test="InputBoxComponent"
    name="Email"
    onChange={[MockFunction]}
    placeholder="Please enter your email"
    type="email"
  />
</div>
`;
